.loop-engineering/iterations/001/diff.patch:28: trailing whitespace.
+- 
.loop-engineering/iterations/001/diff.patch:32: trailing whitespace.
+- 
.loop-engineering/iterations/001/diff.patch:49: trailing whitespace.
+- 
.loop-engineering/iterations/001/diff.patch:53: trailing whitespace.
+- 
.loop-engineering/iterations/001/diff.patch:71: trailing whitespace.
+- 
.loop-engineering/iterations/001/diff.patch:83: trailing whitespace.
+- 
.loop-engineering/iterations/001/eval.log:12: trailing whitespace.
++- 
.loop-engineering/iterations/001/eval.log:14: trailing whitespace.
++- 
.loop-engineering/iterations/001/eval.log:16: trailing whitespace.
++- 
.loop-engineering/iterations/001/eval.log:18: trailing whitespace.
++- 
.loop-engineering/iterations/001/eval.log:20: trailing whitespace.
++- 
.loop-engineering/iterations/001/eval.log:22: trailing whitespace.
++- 
.loop-engineering/iterations/001/gate-diff_check.log:2: trailing whitespace.
++- 
.loop-engineering/iterations/001/gate-diff_check.log:4: trailing whitespace.
++- 
.loop-engineering/iterations/001/gate-diff_check.log:6: trailing whitespace.
++- 
.loop-engineering/iterations/001/gate-diff_check.log:8: trailing whitespace.
++- 
.loop-engineering/iterations/001/gate-diff_check.log:10: trailing whitespace.
++- 
.loop-engineering/iterations/001/gate-diff_check.log:12: trailing whitespace.
++- 
.loop-engineering/iterations/002/diff.patch:34: trailing whitespace.
+  
.loop-engineering/iterations/002/diff.patch:58: trailing whitespace.
++- 
.loop-engineering/iterations/002/diff.patch:62: trailing whitespace.
++- 
.loop-engineering/iterations/002/diff.patch:79: trailing whitespace.
++- 
.loop-engineering/iterations/002/diff.patch:83: trailing whitespace.
++- 
.loop-engineering/iterations/002/diff.patch:101: trailing whitespace.
++- 
.loop-engineering/iterations/002/diff.patch:113: trailing whitespace.
++- 
.loop-engineering/iterations/002/diff.patch:132: trailing whitespace.
+  
.loop-engineering/iterations/002/diff.patch:149: trailing whitespace.
+- 
.loop-engineering/iterations/002/diff.patch:153: trailing whitespace.
+- 
.loop-engineering/iterations/002/diff.patch:171: trailing whitespace.
+- 
.loop-engineering/iterations/002/diff.patch:183: trailing whitespace.
+- 
.loop-engineering/iterations/002/diff.patch:223: trailing whitespace.
+++- 
.loop-engineering/iterations/002/diff.patch:225: trailing whitespace.
+++- 
.loop-engineering/iterations/002/diff.patch:227: trailing whitespace.
+++- 
.loop-engineering/iterations/002/diff.patch:229: trailing whitespace.
+++- 
.loop-engineering/iterations/002/diff.patch:231: trailing whitespace.
+++- 
.loop-engineering/iterations/002/diff.patch:233: trailing whitespace.
+++- 
.loop-engineering/iterations/002/diff.patch:240: trailing whitespace.
+++- 
.loop-engineering/iterations/002/diff.patch:242: trailing whitespace.
+++- 
.loop-engineering/iterations/002/diff.patch:244: trailing whitespace.
+++- 
.loop-engineering/iterations/002/diff.patch:246: trailing whitespace.
+++- 
.loop-engineering/iterations/002/diff.patch:248: trailing whitespace.
+++- 
.loop-engineering/iterations/002/diff.patch:250: trailing whitespace.
+++- 
.loop-engineering/iterations/002/diff.patch:289: trailing whitespace.
+- 
.loop-engineering/iterations/002/diff.patch:293: trailing whitespace.
+- 
.loop-engineering/iterations/002/diff.patch:310: trailing whitespace.
+- 
.loop-engineering/iterations/002/diff.patch:314: trailing whitespace.
+- 
.loop-engineering/iterations/002/diff.patch:332: trailing whitespace.
+- 
.loop-engineering/iterations/002/diff.patch:344: trailing whitespace.
+- 
